C51 COMPILER V9.60.7.0   STARTUP                                                           12/10/2025 18:16:56 PAGE 1   


C51 COMPILER V9.60.7.0, COMPILATION OF MODULE STARTUP
NO OBJECT MODULE REQUESTED
COMPILER INVOKED BY: C:\Keil_v5\C51\BIN\C51.exe ../src/startup.c OPTIMIZE(9,SIZE) INCDIR(../include) SRC

line level    source

   1          /*
   2           * ASM2464PD Firmware - Startup Code (Keil C51 Version)
   3           *
   4           * startup_0016 - Boot state verification
   5           * Address: 0x0016-0x0103 (238 bytes)
   6           *
   7           * Pure C implementation - functionally equivalent to original.
   8           */
   9          
  10          #include "types.h"
  11          #include "sfr.h"
  12          #include "globals.h"
  13          
  14          /* Helper function prototypes - linked at fixed addresses */
  15          extern uint32_t idata_load_dword(uint8_t idata *ptr);  /* 0x0D78 */
  16          extern uint8_t cmp32_gt(uint32_t a, uint32_t b);       /* 0x0D22 with setb c */
  17          extern uint8_t cmp32_lt(uint32_t a, uint32_t b);       /* 0x0D22 with clr c */
  18          
  19          /* Memory locations */
  20          #define BOOT_STATE      (*((uint8_t xdata *)0x0001))
  21          #define XFER_MODE       (*((uint8_t xdata *)0x0AF3))
  22          #define I_STATE_6A      (*((uint8_t idata *)0x6A))
  23          #define I_TRANSFER_SIG  ((uint8_t idata *)0x6B)
  24          #define I_BOOT_SIG      ((uint8_t idata *)0x09)
  25          
  26          /*
  27           * Compare two 4-byte IDATA signatures
  28           * Returns 1 if equal, 0 if different
  29           */
  30          static uint8_t compare_signatures(uint8_t idata *sig1, uint8_t idata *sig2)
  31          {
  32   1          if (sig1[0] != sig2[0]) return 0;
  33   1          if (sig1[1] != sig2[1]) return 0;
  34   1          if (sig1[2] != sig2[2]) return 0;
  35   1          if (sig1[3] != sig2[3]) return 0;
  36   1          return 1;
  37   1      }
  38          
  39          /*
  40           * startup_0016 - Boot state verification and initialization
  41           *
  42           * Checks transfer and boot signatures to determine boot state.
  43           * Sets BOOT_STATE (XDATA 0x0001) based on signature comparisons.
  44           */
  45          void startup_0016(void)
  46          {
  47   1          uint32_t transfer_sig;
  48   1          uint32_t boot_sig;
  49   1          uint8_t state;
  50   1      
  51   1          /* Clear boot state */
  52   1          BOOT_STATE = 0;
  53   1      
  54   1          /* Load transfer signature from IDATA[0x6B-0x6E] */
  55   1          transfer_sig = idata_load_dword(I_TRANSFER_SIG);
C51 COMPILER V9.60.7.0   STARTUP                                                           12/10/2025 18:16:56 PAGE 2   

  56   1      
  57   1          if (transfer_sig == 0) {
  58   2              /* Transfer signature is zero - check boot signature */
  59   2              boot_sig = idata_load_dword(I_BOOT_SIG);
  60   2      
  61   2              if (boot_sig != 0) {
  62   3                  /* Boot signature nonzero - set state 1 */
  63   3                  BOOT_STATE = 1;
  64   3              }
  65   2              /* Both zero - normal boot, return */
  66   2              return;
  67   2          }
  68   1      
  69   1          /* Transfer signature nonzero - check mode */
  70   1          if (XFER_MODE == 0x80) {
  71   2              /* Mode 0x80 path */
  72   2              state = I_STATE_6A;
  73   2      
  74   2              if (state == 1 || state == 3 || state == 8) {
  75   3                  /* States 1, 3, 8: Compare signatures */
  76   3                  if (!compare_signatures(I_TRANSFER_SIG, I_BOOT_SIG)) {
  77   4                      /* Mismatch - check which is greater */
  78   4                      transfer_sig = idata_load_dword(I_TRANSFER_SIG);
  79   4                      boot_sig = idata_load_dword(I_BOOT_SIG);
  80   4      
  81   4                      if (transfer_sig > boot_sig) {
  82   5                          BOOT_STATE = 3;
  83   5                      } else if (transfer_sig < boot_sig) {
  84   5                          BOOT_STATE = 4;
  85   5                      }
  86   4                  }
  87   3                  /* If equal, leave BOOT_STATE as 0 */
  88   3              } else if (state == 2 || state == 4) {
  89   3                  /* States 2, 4: Set state 4 */
  90   3                  BOOT_STATE = 4;
  91   3              } else if (state == 5) {
  92   3                  /* State 5: Set state 2 */
  93   3                  BOOT_STATE = 2;
  94   3              }
  95   2              /* Other states: leave BOOT_STATE as 0 */
  96   2          } else {
  97   2              /* Mode != 0x80 path */
  98   2              state = I_STATE_6A;
  99   2      
 100   2              if (state == 1 || state == 3 || state == 8 ||
 101   2                  state == 2 || state == 4) {
 102   3                  /* States 1, 2, 3, 4, 8: Compare signatures */
 103   3                  if (!compare_signatures(I_TRANSFER_SIG, I_BOOT_SIG)) {
 104   4                      /* Mismatch - check which is greater */
 105   4                      transfer_sig = idata_load_dword(I_TRANSFER_SIG);
 106   4                      boot_sig = idata_load_dword(I_BOOT_SIG);
 107   4      
 108   4                      if (transfer_sig > boot_sig) {
 109   5                          BOOT_STATE = 7;
 110   5                      } else if (transfer_sig < boot_sig) {
 111   5                          BOOT_STATE = 6;
 112   5                      }
 113   4                  }
 114   3                  /* If equal, leave BOOT_STATE as 0 */
 115   3              } else if (state == 5) {
 116   3                  /* State 5: Set state 5 */
 117   3                  BOOT_STATE = 5;
C51 COMPILER V9.60.7.0   STARTUP                                                           12/10/2025 18:16:56 PAGE 3   

 118   3              }
 119   2              /* Other states: leave BOOT_STATE as 0 */
 120   2          }
 121   1      }


MODULE INFORMATION:   STATIC OVERLAYABLE
   CODE SIZE        =    358    ----
   CONSTANT SIZE    =   ----    ----
   XDATA SIZE       =   ----    ----
   PDATA SIZE       =   ----    ----
   DATA SIZE        =   ----       9
   IDATA SIZE       =   ----    ----
   BIT SIZE         =   ----    ----
END OF MODULE INFORMATION.


C51 COMPILATION COMPLETE.  0 WARNING(S),  0 ERROR(S)
